abbr __abbr1 'alpha beta gamma'
abbr __abbr1 'alpha beta gamma'
abbr __abbr1 'alpha beta gamma'
abbr __abbr1 delta
abbr __abbr1 delta
abbr __abbr1 delta
abbr '~__abbr2' '$xyz'
abbr -- --__abbr3 xyz
