
####################
# Avoid regressions of issue #3860 wherein the first word of the alias ends with a semicolon
ran foo
foo ran

####################
# Bare `alias` should list the aliases we have created and nothing else
alias a-2 'echo "hello there"'
alias my_alias 'foo; and echo foo ran'
