[30m(B[m]0;fish /mnt/d/rand/fish[?2004h[30m(B[m[2mÂ¶(B[m                                                                               Â¶ [K]0;fish /mnt/d/rand/fish[32mread[30m(B[m> [Kyes
[30m(B[m[30m(B[manswer=|yes|
[?2004l
