1
Command
sleep
sleep
0
Command
sleep
sleep
Command
sleep
sleep is done
1
Command
sleep
0
