41c3bc41
42fc42
43c3bc43
44c3bc44
58c3bb58
58c3bc58
59fc59
543f54
