'one line'
two\nlines
banana
two
lines

one\ line\ntwo\nlines\nbanana\n

'one line'
two
lines
banana
