Hello 1 2 3.000000 4.000000 5 6
a B 10 18446744073709551615
0xep+0 0XFP+0
a hello
5.000000e+00 6.000000E+00
                  50
5                   10
       100
%"\nxy
abcdef
Msg1Msg2
foobarbaz
I P Q R
Test escapes
a
