foo
bar
baz
psub file was deleted
psub filename ends with .cc
psub filename ends with .cc
psub directory was deleted
