$foo: 'text'
$foo: 'again'
$foo: 'bar'
$foo: '123'
$foo: '456'
$foo: 'hello'
$bar: 'world!'
$foo: 'tete'
$foo: '12te'
