ALRM received
command false:
command true:
command false | true:
This is the process whose exit event shuld be blocked
This should come before the event handler
Now event handler should have run
PROCESS_EXIT 0
