Not a function
test_function
test_function

####################
# Future Feature Flags
stderr-nocaret	off	3.0	^ no longer redirects stderr
qmark-noglob	off	3.0	? no longer globs
string-replace-fewer-backslashes	off	3.1	string replace -r needs fewer backslashes in the replacement
1
2
