argv is not two
argv is two
argv is two
argv is not two
argv is not two
argv is not two
argv is not two
argv is not two
argv is not two
