Test 1 pass
Test 2 pass
Test 3 pass
../test/temp/fish_wildcard_permissions_test/noaccess/yesaccess/alpha.txt ../test/temp/fish_wildcard_permissions_test/noaccess/yesaccess/beta.txt ../test/temp/fish_wildcard_permissions_test/noaccess/yesaccess/delta.txt
