Testing high level script functionality
File test1.in tested ok
File test2.in tested ok
File test3.in tested ok
File test4.in tested ok
File test5.in tested ok
File test6.in tested ok
File test7.in tested ok
