basic command as variable
( not expanded again
basic command as variable
/usr/bin
